// Jest Snapshot v1, https://goo.gl/fbAQLP

exports[`TicketRouterForm render should render 1`] = `
<body>
  <div>
    <div
      class="dialog"
    >
      <div
        class="header open_ticket"
      >
        <div
          class="title_container"
        >
          <div
            style="flex-grow: 1;"
          >
            <div
              class="title"
            >
              Open Ticket
            </div>
            <div
              class="subtitle"
            />
          </div>
        </div>
      </div>
      <div
        class="content"
      >
        <div
          class=" type_list"
        >
          <p>
            When a contact arrives at this point in your flow...
          </p>
          <div>
            <div
              class="normal "
            >
              <temba-select
                data-testid="temba_select_type"
                errors="[]"
                expressions=""
                name="type"
                namekey="description"
                searchable="true"
                valuekey="type"
                values="[{\\"type\\":\\"open_ticket\\",\\"name\\":\\"Open Ticket\\",\\"description\\":\\"Open a ticket with a human agent\\",\\"localizeableKeys\\":[\\"exits\\"],\\"aliases\\":[\\"split_by_ticket\\"],\\"visibility\\":[\\"messaging\\",\\"messaging_background\\",\\"voice\\"]}]"
              />
            </div>
          </div>
        </div>
        <div
          style="display: flex; width: 100%; margin-top: 0.5em;"
        >
          <div
            style="flex-basis: 250px;"
          >
            <div
              class="normal "
            >
              <temba-select
                data-testid="temba_select_topic"
                endpoint="/assets/topics.json"
                errors="[]"
                expressions=""
                name="Topic"
                namekey="name"
                placeholder="Select"
                searchable="true"
                valuekey="uuid"
                values="[{\\"uuid\\":\\"b6e1babf2-85bc-477e-b706-de313a022979\\",\\"name\\":\\"Default\\"}]"
              />
            </div>
          </div>
          <div
            style="flex-grow: 1; margin-left: 0.5em;"
          >
            <div
              class="normal "
            >
              <temba-select
                clearable="true"
                data-testid="temba_select_assignee"
                endpoint="/assets/users.json"
                errors="[]"
                expressions=""
                name="Assignee"
                namekey="name"
                placeholder="Assign to (optional)"
                valuekey="email"
                values="[]"
              />
            </div>
          </div>
        </div>
        <div
          class="body"
        >
          <div
            class="ele"
          >
            <div
              class="wrapper normal"
            >
              <input
                data-testid="Body"
                name="Body"
                placeholder="Enter a body (optional)"
                value="Where are my cookies"
              />
            </div>
          </div>
        </div>
      </div>
      <div
        class="footer"
      >
        <div
          class="buttons"
        >
          <div
            class="right_buttons"
          >
            <div
              class="btn secondary  "
              style="display: inline-flex; margin-left: 0px; margin-top: 0px;"
            >
              <div
                style="margin-bottom: 0px;"
              >
                Cancel
              </div>
            </div>
            <div
              class="btn primary  "
              style="display: inline-flex; margin-left: 10px; margin-top: 0px;"
            >
              <div
                style="margin-bottom: 0px;"
              >
                Ok
              </div>
            </div>
          </div>
        </div>
      </div>
    </div>
  </div>
  <temba-store />
</body>
`;
